Apollo Guidance Computer (AGC) assembler, version 2017-04-17, built Apr 17 2017, target AGC4
(c)2003-2005,2009-2010,2016 Ronald S. Burkey
Refer to http://www.ibiblio.org/apollo/index.html for more information.
Pass #1
Pass #2
Pass #3
000001,000001: 
000002,000002:    4000                                           SETLOC   4000                          	#
000003,000003:                                                                                          	# We begin with an interrupt vector table. There are 10 possible interrupts,
000004,000004:                                                                                          	# plus the restart vector which comes first. Currently only the TIME3
000005,000005:                                                                                          	# interrupt is used in Validation.
000006,000006:    4000           00004                           INHINT                                 	# GO
000007,000007:    4001           34253                           CA       O37774                        	# Schedule the first TIME3 interrupt
000008,000008:    4002           54026                           TS       TIME3                         	#
000009,000009:    4003           14055                           TCF      INIT                          	# Proceed with initialization
000010,000010: 
000011,000011: $Vectors.agc
000012,000001:    4004           50017                           RESUME                                 	# T6RUPT
000013,000002:    4005           14006                           NOOP                                   	#
000014,000003:    4006           14007                           NOOP                                   	#
000015,000004:    4007           14010                           NOOP                                   	#
000016,000005: 
000017,000006:    4010           50017                           RESUME                                 	# T5RUPT
000018,000007:    4011           14012                           NOOP                                   	#
000019,000008:    4012           14013                           NOOP                                   	#
000020,000009:    4013           14014                           NOOP                                   	#
000021,000010: 
000022,000011:    4014           52011                           DXCH     ARUPT                         	# T3RUPT
000023,000012:    4015           00006                           EXTEND                                 	# Back up A, L, and Q
000024,000013:    4016           22012                           QXCH     QRUPT                         	#
000025,000014:    4017           14134                           TCF      T3RUPT                        	# Transfer to the T3RUPT handler
000026,000015: 
000027,000016:    4020           50017                           RESUME                                 	# T4RUPT
000028,000017:    4021           14022                           NOOP                                   	#
000029,000018:    4022           14023                           NOOP                                   	#
000030,000019:    4023           14024                           NOOP                                   	#
000031,000020: 
000032,000021:    4024           52011                           DXCH     ARUPT                         	# KEYRUPT1
000033,000022:    4025           34054                           CAF      KEYRPTBB                      	#
000034,000023:    4026           56006                           XCH      BBANK                         	#
000035,000024:    4027           14143                           TCF      KEYRUPT1                      	#
000036,000025: 
000037,000026:    4030           50017                           RESUME                                 	# KEYRUPT2
000038,000027:    4031           14032                           NOOP                                   	#
000039,000028:    4032           14033                           NOOP                                   	#
000040,000029:    4033           14034                           NOOP                                   	#
000041,000030: 
000042,000031:    4034           50017                           RESUME                                 	# UPRUPT
000043,000032:    4035           14036                           NOOP                                   	#
000044,000033:    4036           14037                           NOOP                                   	#
000045,000034:    4037           14040                           NOOP                                   	#
000046,000035: 
000047,000036:    4040           50017                           RESUME                                 	# DOWNRUPT
000048,000037:    4041           14042                           NOOP                                   	#
000049,000038:    4042           14043                           NOOP                                   	#
000050,000039:    4043           14044                           NOOP                                   	#
000051,000040: 
000052,000041:    4044           50017                           RESUME                                 	# RADAR RUPT
000053,000042:    4045           14046                           NOOP                                   	#
000054,000043:    4046           14047                           NOOP                                   	#
000055,000044:    4047           14050                           NOOP                                   	#
000056,000045: 
000057,000046:    4050           50017                           RESUME                                 	# RUPT10
000058,000047:    4051           14052                           NOOP                                   	#
000059,000048:    4052           14053                           NOOP                                   	#
000060,000049:    4053           14054                           NOOP                                   	#
000061,000050: 
000062,000051:    4054           04100        KEYRPTBB           BBCON    KEYRUPT1                      	#
(End of include-file Vectors.agc, resuming Main.agc)
000063,000012: 
000064,000013:                                                                                          	# Initialization.
000065,000014:    4055           00003        INIT               RELINT                                 	#
000066,000015:    4056           30007                           CA       ZEROES                        	# zero out A
000067,000016:    4057           54061                           TS       ERRNUM                        	# and the error-code
000068,000017:    4060           54131                           TS       CUR_ID                        	#
000069,000018: 
000070,000019:    4061           34347                           CA       TWENTY1                       	#
000071,000020:    4062           54136                           TS       NUM_SEGS                      	#
000072,000021: 
000073,000022:    4063                        LOOP                                                      	#
000074,000023:    4063           40067                           CS       NEWJOB                        	#
000075,000024:    4064           14063                           TCF      LOOP                          	#
000076,000025: 
000077,000026: 
000078,000027: $Display.agc
000079,000001: 
000080,000002:    4065                        DISPNUM                                                   	# CUR_ID is the index of next segment to display (0=left prog, 20 = digit 5 bottom row)
000081,000003:                                                                                          	# Print value held in VALUES array to correct segment
000082,000004: 
000083,000005:                                                                                          	# Data is sent to the DSKY via Channel 10 two digits at a time.
000084,000006:                                                                                          	# Bits 10-14 select which pair of digits we want to draw
000085,000007:                                                                                          	# Bits 0-4 selects which digit to draw on the right segment
000086,000008:                                                                                          	# Bits 5-9 selects which digit to draw on the left segment
000087,000009: 
000088,000010:    4065           30007                           CA       ZEROES                        	# Load 0 into accumulator from a fixed rom constant
000089,000011:    4066           54134                           TS       DIGIT_L                       	# Reset left digit calculation to 0 (empty)
000090,000012:    4067           54135                           TS       DIGIT_R                       	# Reset right digit calculation to 0 (empty)
000091,000013: 
000092,000014:    4070           50131                           INDEX    CUR_ID                        	# Index next instruction by segment id
000093,000015:    4071           34375                           CA       SEG_0                         	# Get which pair of digits this segment belongs to
000094,000016:    4072           54132                           TS       SEG_OUT                       	# Save ID to RAM
000095,000017: 
000096,000018:    4073           50132                           INDEX    SEG_OUT                       	# Index next instruction by segment pair id
000097,000019:    4074           34422                           CA       SEGCODE                       	# Get value required in bits 10-14 to select pair, using id
000098,000020:    4075           54133                           TS       DSKY_OUT                      	# Save to RAM to use later when we have the digit data
000099,000021: 
000100,000022:    4076           50131                           INDEX    CUR_ID                        	# Index next instruction by segment id
000101,000023:    4077           30104                           CA       VALUES                        	# Get the value in RAM we want to display here
000102,000024:    4100           54063                           TS       TEMPI                         	# Save to temporary RAM variable
000103,000025: 
000104,000026:    4101           50131                           INDEX    CUR_ID                        	# Index next instruction by segment id
000105,000027:    4102           34350                           CA       LEFTRIGHT                     	# Get whether this segment is left or right of its pair
000106,000028:    4103           00006                           EXTEND                                 	# Extend to use a new Block 2 AGC instruction
000107,000029:    4104           14123                           BZF      SKIPLEFT                      	# If zero (is right), skip the left digit
000108,000030: 
000109,000031:    4105                        CALCLEFT                                                  	#
000110,000032:    4105           50063                           INDEX    TEMPI                         	# Index next instruction by our digit (0-9)
000111,000033:    4106           34232                           CA       DSP0                          	# Get the 5-bit code for this digit to send to DSKY
000112,000034:    4107           54022                           TS       CYL                           	# Transfer it to the shift left register
000113,000035:    4110           30022                           CA       CYL                           	# Shift left no 1
000114,000036:    4111           30022                           CA       CYL                           	# Shift left no 2
000115,000037:    4112           30022                           CA       CYL                           	# Shift left no 3
000116,000038:    4113           30022                           CA       CYL                           	# Shift left no 4
000117,000039:    4114           30022                           CA       CYL                           	# Shift left no 5 (is now in bits 5-9 for the left digit)
000118,000040:    4115           54134                           TS       DIGIT_L                       	# Save to RAM to use later
000119,000041: 
000120,000042:    4116           24131                           INCR     CUR_ID                        	# Move onto the right segment of the pair
000121,000043:    4117           50131                           INDEX    CUR_ID                        	# Index by new segment id
000122,000044:    4120           30104                           CA       VALUES                        	# Get value to display on right digit
000123,000045:    4121           54135                           TS       DIGIT_R                       	# Save to RAM to use later
000124,000046: 
000125,000047:    4122           14125                           TCF      DIDLEFT                       	# Skip the code to set only the right digit if left not drawn
000126,000048: 
000127,000049:    4123                        SKIPLEFT                                                  	#
000128,000050:    4123           30063                           CA       TEMPI                         	# Load the value for this digit to draw on the right of pair
000129,000051:    4124           54135                           TS       DIGIT_R                       	# Store to RAM
000130,000052: 
000131,000053:    4125                        DIDLEFT                                                   	#
000132,000054: 
000133,000055:    4125           50135                           INDEX    DIGIT_R                       	# Index by value of right digit
000134,000056:    4126           34232                           CA       DSP0                          	# Get the 5-bit code for this digit to send to DSKY
000135,000057: 
000136,000058:    4127                        OUTPUT                                                    	#
000137,000059:    4127           60133                           AD       DSKY_OUT                      	# Add bits 10-14
000138,000060:    4130           60134                           AD       DIGIT_L                       	# Add bits 5-9
000139,000061:    4131           00006                           EXTEND                                 	# Extend in order to use I/O channel instruction
000140,000062:    4132           01010                           WRITE    CH10                          	# Send the value to channel 10 to display on DKSY
000141,000063: 
000142,000064:    4133           00002                           RETURN                                 	# Return from subroutine
(End of include-file Display.agc, resuming Main.agc)
000143,000028: $Interrupts.agc
000144,000001: 
000145,000002:    4134                                           BLOCK    02                            	#
000146,000003:    4134           34253        T3RUPT             CAF      O37774                        	# Schedule another TIME3 interrupt
000147,000004:    4135           54026                           TS       TIME3                         	# ... and don't do anything else, yet...
000148,000005: 
000149,000006:    4136           24103                           INCR     COUNTER                       	#
000150,000007:                                                                                          	#TC     ERRORDSP
000151,000008: 
000152,000009:    4137           52011        RESUME             DXCH     ARUPT                         	# Restore A, L, and Q, and exit the interrupt
000153,000010:    4140           00006                           EXTEND                                 	#
000154,000011:    4141           22012                           QXCH     QRUPT                         	#
000155,000012:    4142           50017                           RESUME                                 	#
(End of include-file Interrupts.agc, resuming Main.agc)
000156,000029: $Input.agc
000157,000001:    4143                        KEYRUPT1                                                  	#
000158,000002: 
000159,000003:    4143           04215                           TC       RANDOM                        	#
000160,000004:    4144           50131                           INDEX    CUR_ID                        	#
000161,000005:    4145           54104                           TS       VALUES                        	#
000162,000006: 
000163,000007:    4146           24131                           INCR     CUR_ID                        	#
000164,000008:    4147           04215                           TC       RANDOM                        	#
000165,000009:    4150           50131                           INDEX    CUR_ID                        	#
000166,000010:    4151           54104                           TS       VALUES                        	#
000167,000011: 
000168,000012:    4152           00006                           EXTEND                                 	#
000169,000013:    4153           26131                           DIM      CUR_ID                        	#
000170,000014: 
000171,000015:    4154           04065                           TC       DISPNUM                       	#
000172,000016:    4155           30131                           CA       CUR_ID                        	#
000173,000017:    4156           00006                           EXTEND                                 	#
000174,000018:    4157           60136                           SU       NUM_SEGS                      	#
000175,000019:    4160           00006                           EXTEND                                 	#
000176,000020:    4161           14164                           BZF      WRAPID                        	#
000177,000021: 
000178,000022:    4162           24131                           INCR     CUR_ID                        	#
000179,000023: 
000180,000024:    4163           14175                           TCF      EXITRUPT                      	#
000181,000025: 
000182,000026:    4164                        WRAPID                                                    	#
000183,000027:    4164           30007                           CA       ZEROES                        	#
000184,000028:    4165           54131                           TS       CUR_ID                        	#
000185,000029:    4166           14175                           TCF      EXITRUPT                      	#
000186,000030: 
000187,000031:    4167           00006                           EXTEND                                 	#
000188,000032:    4170           00015                           READ     CH15                          	#
000189,000033:    4171           74321                           MASK     LOW5                          	#
000190,000034:    4172           54065                           TS       TEMPK                         	#
000191,000035:    4173           50065                           INDEX    TEMPK                         	#
000192,000036:    4174           14176                           TCF      JMPTABLE                      	#
000193,000037: 
000194,000038:                                                                                          	#CA      CLEARBTN
000195,000039:                                                                                          	# TS      TEMPI
000196,000040:                                                                                          	# CA      TEMPK
000197,000041:                                                                                          	# EXTEND
000198,000042:                                                                                          	# SU      TEMPI
000199,000043:                                                                                          	# EXTEND
000200,000044:                                                                                          	#  BZF     DISPLAY2
000201,000045:    4175                        EXITRUPT                                                  	#
000202,000046:    4175           50017                           RESUME                                 	#
000203,000047: 
000204,000048:    4176                        JMPTABLE                                                  	#
000205,000049:    4176           14175                           TCF      EXITRUPT                      	# NOTHING
000206,000050:    4177           14175                           TCF      EXITRUPT                      	# 1
000207,000051:    4200           14175                           TCF      EXITRUPT                      	# 2
000208,000052:    4201           14175                           TCF      EXITRUPT                      	#
000209,000053:    4202           14175                           TCF      EXITRUPT                      	#
000210,000054:    4203           14175                           TCF      EXITRUPT                      	#
000211,000055:    4204           14175                           TCF      EXITRUPT                      	#
000212,000056:    4205           14175                           TCF      EXITRUPT                      	#
000213,000057:    4206           14175                           TCF      EXITRUPT                      	#
000214,000058:    4207           14175                           TCF      EXITRUPT                      	#
000215,000059:    4210           14175                           TCF      EXITRUPT                      	#
000216,000060:    4211           14175                           TCF      EXITRUPT                      	#
000217,000061:    4212           14175                           TCF      EXITRUPT                      	#
000218,000062:    4213           14175                           TCF      EXITRUPT                      	#
000219,000063:    4214           14175                           TCF      EXITRUPT                      	#
000220,000064: 
(End of include-file Input.agc, resuming Main.agc)
000221,000030: $Random.agc
000222,000001: 
000223,000002:    4215                        RANDOM                                                    	#
000224,000003: 
000225,000004: 
000226,000005:    4215           00006                           EXTEND                                 	#
000227,000006:    4216           22065                           QXCH     TEMPK                         	#
000228,000007:    4217           24103                           INCR     COUNTER                       	#
000229,000008:    4220           30103                           CA       COUNTER                       	#
000230,000009:    4221           74244                           MASK     MASK128                       	#
000231,000010:    4222           54103                           TS       COUNTER                       	#
000232,000011:    4223           50103                           INDEX    COUNTER                       	#
000233,000012:    4224           34447                           CA       RAND1                         	#
000234,000013:    4225           54102                           TS       SEED                          	#
000235,000014: 
000236,000015:    4226           00006                           EXTEND                                 	#
000237,000016:    4227           22065                           QXCH     TEMPK                         	#
000238,000017:    4230           00002                           RETURN                                 	#
000239,000018: 
000240,000019: 
(End of include-file Random.agc, resuming Main.agc)
000241,000031: $Constants.agc
000242,000001: 
000243,000002: 
000244,000003:                                                                                          	#-----------------------------------------------------------------------
000245,000004:                                                                                          	# Constants and read-only memory.
000246,000005: 
000247,000006:                                                                                          	# Names of CPU registers.
000248,000007:    4231                        A                  EQUALS   0                             	#
000249,000008:    4231                        L                  EQUALS   1                             	# L AND Q ARE BOTH CHANNELS AND REGISTERS.
000250,000009:    4231                        Q                  EQUALS   2                             	#
000251,000010:    4231                        EBANK              EQUALS   3                             	#
000252,000011:    4231                        FBANK              EQUALS   4                             	#
000253,000012:    4231                        Z                  EQUALS   5                             	# ADJACENT TO FBANK AND BBANK FOR DXCH Z
000254,000013:    4231                        BBANK              EQUALS   6                             	# (DTCB) AND DXCH FBANK (DTCF).
000255,000014:                                                                                          	# REGISTER 7 IS A ZERO-SOURCE, USED BY ZL.
000256,000015:    4231                        ZEROES             EQUALS   7                             	#
000257,000016:    4231                        ARUPT              EQUALS   10                            	# INTERRUPT STORAGE.
000258,000017:    4231                        LRUPT              EQUALS   11                            	#
000259,000018:    4231                        QRUPT              EQUALS   12                            	#
000260,000019:    4231                        SAMPTIME           EQUALS   13                            	# SAMPLED TIME 1 & 2.
000261,000020:    4231                        ZRUPT              EQUALS   15                            	# (13 AND 14 ARE SPARES.)
000262,000021:    4231                        BANKRUPT           EQUALS   16                            	# USUALLY HOLDS FBANK OR BBANK.
000263,000022:    4231                        BRUPT              EQUALS   17                            	# RESUME ADDRESS AS WELL.
000264,000023:    4231                        CYR                EQUALS   20                            	#
000265,000024:    4231                        SR                 EQUALS   21                            	#
000266,000025:    4231                        CYL                EQUALS   22                            	#
000267,000026:    4231                        EDOP               EQUALS   23                            	#
000268,000027: 
000269,000028:                                                                                          	# Patterns for display of digits.
000270,000029:    4231           00000        DSPBLANK           OCT      0                             	#
000271,000030:    4232           00025        DSP0               OCT      25                            	#
000272,000031:    4233           00003        DSP1               OCT      3                             	#
000273,000032:    4234           00031        DSP2               OCT      31                            	#
000274,000033:    4235           00033        DSP3               OCT      33                            	#
000275,000034:    4236           00017        DSP4               OCT      17                            	#
000276,000035:    4237           00036        DSP5               OCT      36                            	#
000277,000036:    4240           00034        DSP6               OCT      34                            	#
000278,000037:    4241           00023        DSP7               OCT      23                            	#
000279,000038:    4242           00035        DSP8               OCT      35                            	#
000280,000039:    4243           00037        DSP9               OCT      37                            	#
000281,000040: 
000282,000041:    4244           00177        MASK128            DEC      127        B-14               	#
000283,000042:    4245           00400        TWO56              DEC      256        B-14               	#
000284,000043:    4246                        SZERO              EQUALS   0                             	#
000285,000044:    4246                        CH10               EQUALS   10                            	#
000286,000045:    4246                        CH11               EQUALS   11                            	#
000287,000046:    4246                        CH12               EQUALS   12                            	#
000288,000047:    4246                        CH15               EQUALS   15                            	#
000289,000048:    4246                        CH32               EQUALS   32                            	#
000290,000049:    4246           00177        O177               OCT      177                           	#
000291,000050:    4247           00377        O377               OCT      377                           	#
000292,000051:    4250           03777        O3777              OCT      3777                          	#
000293,000052:    4251           17777        O17777             OCT      17777                         	#
000294,000053:    4252           20000        O20000             OCT      20000                         	#
000295,000054:    4253           37774        O37774             OCT      37774                         	#
000296,000055:    4254           37776        O37776             OCT      37776                         	#
000297,000056:    4255           54000        O54000             OCT      54000                         	#
000298,000057:    4256           50000        O50000             OCT      50000                         	#
000299,000058:    4257           44000        O44000             OCT      44000                         	#
000300,000059:    4260           40000        O40000             OCT      40000                         	#
000301,000060:    4261           77770        O77770             OCT      77770                         	#
000302,000061:    4262           74000        O-3777             OCT      74000                         	#
000303,000062:    4263           73777        O-4000             OCT      73777                         	#
000304,000063:    4264           60000        O-17777            OCT      60000                         	#
000305,000064:    4265           57777        O-20000            OCT      57777                         	#
000306,000065:    4266           40003        O-37774            OCT      40003                         	#
000307,000066:    4267           40001        O-37776            OCT      40001                         	#
000308,000067:    4270           77777        NEGZERO            OCT      77777                         	#
000309,000068:    4271           77776        NEGONE             OCT      77776                         	#
000310,000069:    4272           77775        NEGTWO             DEC      -2         B-14               	#
000311,000070:    4273           77774        NEGTHREE           DEC      -3         B-14               	#
000312,000071:    4274           77773        NEGFOUR            DEC      -4         B-14               	#
000313,000072:    4275           00001        ONE                OCT      1                             	#
000314,000073:    4276           00002        TWO                OCT      2                             	#
000315,000074:    4277           00003        THREE              OCT      3                             	#
000316,000075:    4300           00005        FIVE               OCT      5                             	#
000317,000076:    4301           00011        NINE               DEC      9          B-14               	#
000318,000077:    4302           00012        TEN                DEC      10         B-14               	#
000319,000078:    4303           00007        SEVEN              DEC      7          B-14               	#
000320,000079:    4304           00027        TWNTHREE           DEC      23         B-14               	#
000321,000080:    4305           00001        BIT1               OCT      1                             	#
000322,000081:    4306           00100        BIT7               OCT      100                           	#
000323,000082:    4307           01000        BIT10              OCT      1000                          	#
000324,000083:    4310           20000        BIT14              OCT      20000                         	#
000325,000084:    4311           37777        MAXP               OCT      37777                         	#
000326,000085:    4312           37776        MAXP-1             OCT      37776                         	#
000327,000086:    4313           37775        MAXP-2             OCT      37775                         	#
000328,000087:    4314           37774        MAXP-3             OCT      37774                         	#
000329,000088:    4315           40000        MAXN               OCT      40000                         	#
000330,000089:    4316           40001        MAXN-1             OCT      40001                         	#
000331,000090:    4317           40002        MAXN-2             OCT      40002                         	#
000332,000091:    4320           40003        MAXN-3             OCT      40003                         	#
000333,000092:    4321           00037        LOW5               OCT      37                            	#
000334,000093: 
000335,000094:    4322           52525        MASKL1             OCT      52525                         	#
000336,000095:    4323           25252        MASKR1             OCT      25252                         	#
000337,000096:    4324           63146        MASKL2             OCT      63146                         	#
000338,000097:    4325           14631        MASKR2             OCT      14631                         	#
000339,000098:    4326           42104        ANDL1L2            OCT      42104                         	#
000340,000099:    4327           10421        ANDL1R2            OCT      10421                         	#
000341,000100:    4330           21042        ANDR1L2            OCT      21042                         	#
000342,000101:    4331           04210        ANDR1R2            OCT      04210                         	#
000343,000102:    4332           73567        ORL1L2             OCT      73567                         	#
000344,000103:    4333           56735        ORL1R2             OCT      56735                         	#
000345,000104:    4334           67356        ORR1L2             OCT      67356                         	#
000346,000105:    4335           35673        ORR1R2             OCT      35673                         	#
000347,000106:    4336           31463        XORL1L2            OCT      31463                         	#
000348,000107:    4337           46314        XORL1R2            OCT      46314                         	#
000349,000108:    4340           46314        XORR1L2            OCT      46314                         	#
000350,000109:    4341           31463        XORR1R2            OCT      31463                         	#
000351,000110: 
000352,000111:    4342           00036        CLEARBTN           DEC      30         B-14               	#
000353,000112:    4343           00016        R1D1               OCT      16                            	# THESE 3 CONSTANTS FORM A PACKED TABLE.
000354,000113:    4344           00011        R2D1               OCT      11                            	# DONT SEPARATE.
000355,000114:    4345           00004        R3D1               OCT      4                             	#
000356,000115:    4346           00012        BINCON             DEC      10         B-14               	#
000357,000116:    4347           00024        TWENTY1            DEC      20         B-14               	#
000358,000117: 
000359,000118:    4350           00001        LEFTRIGHT           DEC      1          B-14               	#
000360,000119:    4351           00000        LR1                DEC      0          B-14               	#
000361,000120:    4352           00001        LR2                DEC      1          B-14               	#
000362,000121:    4353           00000        LR3                DEC      0          B-14               	#
000363,000122:    4354           00001        LR4                DEC      1          B-14               	#
000364,000123:    4355           00000        LR5                DEC      0          B-14               	#
000365,000124:    4356           00000        LR6                DEC      0          B-14               	#
000366,000125:    4357           00001        LR7                DEC      1          B-14               	#
000367,000126:    4360           00000        LR8                DEC      0          B-14               	#
000368,000127:    4361           00001        LR9                DEC      1          B-14               	#
000369,000128:    4362           00000        LR10               DEC      0          B-14               	#
000370,000129:    4363           00001        LR11               DEC      1          B-14               	#
000371,000130:    4364           00000        LR12               DEC      0          B-14               	#
000372,000131:    4365           00001        LR13               DEC      1          B-14               	#
000373,000132:    4366           00000        LR14               DEC      0          B-14               	#
000374,000133:    4367           00001        LR15               DEC      1          B-14               	#
000375,000134:    4370           00000        LR16               DEC      0          B-14               	#
000376,000135:    4371           00001        LR17               DEC      1          B-14               	#
000377,000136:    4372           00000        LR18               DEC      0          B-14               	#
000378,000137:    4373           00001        LR19               DEC      1          B-14               	#
000379,000138:    4374           00000        LR20               DEC      0          B-14               	#
000380,000139: 
000381,000140:    4375           00000        SEG_0              DEC      00         B-14               	#
000382,000141:    4376           00000        SEG_1              DEC      00         B-14               	#
000383,000142:    4377           00001        SEG_2              DEC      01         B-14               	#
000384,000143:    4400           00001        SEG_3              DEC      01         B-14               	#
000385,000144:    4401           00002        SEG_4              DEC      02         B-14               	#
000386,000145:    4402           00002        SEG_5              DEC      02         B-14               	#
000387,000146:    4403           00003        SEG_6              DEC      03         B-14               	#
000388,000147:    4404           00004        SEG_7              DEC      04         B-14               	#
000389,000148:    4405           00004        SEG_8              DEC      04         B-14               	#
000390,000149:    4406           00005        SEG_9              DEC      05         B-14               	#
000391,000150:    4407           00005        SEG_10             DEC      05         B-14               	#
000392,000151:    4410           00006        SEG_11             DEC      06         B-14               	#
000393,000152:    4411           00006        SEG_12             DEC      06         B-14               	#
000394,000153:    4412           00007        SEG_13             DEC      07         B-14               	#
000395,000154:    4413           00007        SEG_14             DEC      07         B-14               	#
000396,000155:    4414           00010        SEG_15             DEC      08         B-14               	#
000397,000156:    4415           00010        SEG_16             DEC      08         B-14               	#
000398,000157:    4416           00011        SEG_17             DEC      09         B-14               	#
000399,000158:    4417           00011        SEG_18             DEC      09         B-14               	#
000400,000159:    4420           00012        SEG_19             DEC      10         B-14               	#
000401,000160:    4421           00012        SEG_20             DEC      10         B-14               	#
000402,000161: 
000403,000162: 
000404,000163: 
000405,000164: 
000406,000165:    4422           54000        SEGCODE            OCT      54000                         	#54000
000407,000166:    4423           50000        VERBLR             OCT      50000                         	#
000408,000167:    4424           44000        NOUNLR             OCT      44000                         	#
000409,000168:    4425           40000        TOP1               OCT      40000                         	#
000410,000169:    4426           34000        TOP23              OCT      34000                         	#
000411,000170:    4427           30000        TOP45              OCT      30000                         	#
000412,000171:    4430           24000        MID12              OCT      24000                         	#
000413,000172:    4431           20000        MID34              OCT      20000                         	#
000414,000173:    4432           14000        MID5BOT1           OCT      14000                         	#
000415,000174:    4433           10000        BOT23              OCT      10000                         	#
000416,000175:    4434           04000        BOT45              OCT      4000                          	#
000417,000176: 
000418,000177:    4435           00000        DIGITS             DEC      0          B-14               	#
000419,000178:    4436           00001        DEC1               DEC      1          B-14               	#
000420,000179:    4437           00002        DEC2               DEC      2          B-14               	#
000421,000180:    4440           00003        DEC3               DEC      3          B-14               	#
000422,000181:    4441           00004        DEC4               DEC      4          B-14               	#
000423,000182:    4442           00005        DEC5               DEC      5          B-14               	#
000424,000183:    4443           00006        DEC6               DEC      6          B-14               	#
000425,000184:    4444           00007        DEC7               DEC      7          B-14               	#
000426,000185:    4445           00010        DEC8               DEC      8          B-14               	#
000427,000186:    4446           00011        DEC9               DEC      9          B-14               	#
000428,000187: 
000429,000188: 
000430,000189: 
000431,000190:    4447           00005        RAND1              DEC      5          B-14               	#
000432,000191:    4450           00002        RAND2              DEC      2          B-14               	#
000433,000192:    4451           00000        RAND3              DEC      0          B-14               	#
000434,000193:    4452           00002        RAND4              DEC      2          B-14               	#
000435,000194:    4453           00011        RAND5              DEC      9          B-14               	#
000436,000195:    4454           00004        RAND6              DEC      4          B-14               	#
000437,000196:    4455           00005        RAND7              DEC      5          B-14               	#
000438,000197:    4456           00001        RAND8              DEC      1          B-14               	#
000439,000198:    4457           00000        RAND9              DEC      0          B-14               	#
000440,000199:    4460           00003        RAND10             DEC      3          B-14               	#
000441,000200:    4461           00011        RAND11             DEC      9          B-14               	#
000442,000201:    4462           00005        RAND12             DEC      5          B-14               	#
000443,000202:    4463           00006        RAND13             DEC      6          B-14               	#
000444,000203:    4464           00007        RAND14             DEC      7          B-14               	#
000445,000204:    4465           00007        RAND15             DEC      7          B-14               	#
000446,000205:    4466           00001        RAND16             DEC      1          B-14               	#
000447,000206:    4467           00006        RAND17             DEC      6          B-14               	#
000448,000207:    4470           00005        RAND18             DEC      5          B-14               	#
000449,000208:    4471           00007        RAND19             DEC      7          B-14               	#
000450,000209:    4472           00004        RAND20             DEC      4          B-14               	#
000451,000210:    4473           00005        RAND21             DEC      5          B-14               	#
000452,000211:    4474           00002        RAND22             DEC      2          B-14               	#
000453,000212:    4475           00000        RAND23             DEC      0          B-14               	#
000454,000213:    4476           00005        RAND24             DEC      5          B-14               	#
000455,000214:    4477           00011        RAND25             DEC      9          B-14               	#
000456,000215:    4500           00006        RAND26             DEC      6          B-14               	#
000457,000216:    4501           00005        RAND27             DEC      5          B-14               	#
000458,000217:    4502           00007        RAND28             DEC      7          B-14               	#
000459,000218:    4503           00005        RAND29             DEC      5          B-14               	#
000460,000219:    4504           00006        RAND30             DEC      6          B-14               	#
000461,000220:    4505           00000        RAND31             DEC      0          B-14               	#
000462,000221:    4506           00006        RAND32             DEC      6          B-14               	#
000463,000222:    4507           00011        RAND33             DEC      9          B-14               	#
000464,000223:    4510           00004        RAND34             DEC      4          B-14               	#
000465,000224:    4511           00002        RAND35             DEC      2          B-14               	#
000466,000225:    4512           00005        RAND36             DEC      5          B-14               	#
000467,000226:    4513           00011        RAND37             DEC      9          B-14               	#
000468,000227:    4514           00011        RAND38             DEC      9          B-14               	#
000469,000228:    4515           00002        RAND39             DEC      2          B-14               	#
000470,000229:    4516           00000        RAND40             DEC      0          B-14               	#
000471,000230:    4517           00007        RAND41             DEC      7          B-14               	#
000472,000231:    4520           00006        RAND42             DEC      6          B-14               	#
000473,000232:    4521           00000        RAND43             DEC      0          B-14               	#
000474,000233:    4522           00005        RAND44             DEC      5          B-14               	#
000475,000234:    4523           00006        RAND45             DEC      6          B-14               	#
000476,000235:    4524           00001        RAND46             DEC      1          B-14               	#
000477,000236:    4525           00007        RAND47             DEC      7          B-14               	#
000478,000237:    4526           00007        RAND48             DEC      7          B-14               	#
000479,000238:    4527           00002        RAND49             DEC      2          B-14               	#
000480,000239:    4530           00004        RAND50             DEC      4          B-14               	#
000481,000240:    4531           00011        RAND51             DEC      9          B-14               	#
000482,000241:    4532           00006        RAND52             DEC      6          B-14               	#
000483,000242:    4533           00011        RAND53             DEC      9          B-14               	#
000484,000243:    4534           00000        RAND54             DEC      0          B-14               	#
000485,000244:    4535           00003        RAND55             DEC      3          B-14               	#
000486,000245:    4536           00005        RAND56             DEC      5          B-14               	#
000487,000246:    4537           00001        RAND57             DEC      1          B-14               	#
000488,000247:    4540           00004        RAND58             DEC      4          B-14               	#
000489,000248:    4541           00007        RAND59             DEC      7          B-14               	#
000490,000249:    4542           00001        RAND60             DEC      1          B-14               	#
000491,000250:    4543           00002        RAND61             DEC      2          B-14               	#
000492,000251:    4544           00007        RAND62             DEC      7          B-14               	#
000493,000252:    4545           00002        RAND63             DEC      2          B-14               	#
000494,000253:    4546           00001        RAND64             DEC      1          B-14               	#
000495,000254:    4547           00005        RAND65             DEC      5          B-14               	#
000496,000255:    4550           00010        RAND66             DEC      8          B-14               	#
000497,000256:    4551           00001        RAND67             DEC      1          B-14               	#
000498,000257:    4552           00007        RAND68             DEC      7          B-14               	#
000499,000258:    4553           00007        RAND69             DEC      7          B-14               	#
000500,000259:    4554           00003        RAND70             DEC      3          B-14               	#
000501,000260:    4555           00003        RAND71             DEC      3          B-14               	#
000502,000261:    4556           00004        RAND72             DEC      4          B-14               	#
000503,000262:    4557           00005        RAND73             DEC      5          B-14               	#
000504,000263:    4560           00005        RAND74             DEC      5          B-14               	#
000505,000264:    4561           00005        RAND75             DEC      5          B-14               	#
000506,000265:    4562           00006        RAND76             DEC      6          B-14               	#
000507,000266:    4563           00006        RAND77             DEC      6          B-14               	#
000508,000267:    4564           00006        RAND78             DEC      6          B-14               	#
000509,000268:    4565           00010        RAND79             DEC      8          B-14               	#
000510,000269:    4566           00006        RAND80             DEC      6          B-14               	#
000511,000270:    4567           00005        RAND81             DEC      5          B-14               	#
000512,000271:    4570           00001        RAND82             DEC      1          B-14               	#
000513,000272:    4571           00007        RAND83             DEC      7          B-14               	#
000514,000273:    4572           00010        RAND84             DEC      8          B-14               	#
000515,000274:    4573           00001        RAND85             DEC      1          B-14               	#
000516,000275:    4574           00011        RAND86             DEC      9          B-14               	#
000517,000276:    4575           00003        RAND87             DEC      3          B-14               	#
000518,000277:    4576           00000        RAND88             DEC      0          B-14               	#
000519,000278:    4577           00003        RAND89             DEC      3          B-14               	#
000520,000279:    4600           00007        RAND90             DEC      7          B-14               	#
000521,000280:    4601           00002        RAND91             DEC      2          B-14               	#
000522,000281:    4602           00005        RAND92             DEC      5          B-14               	#
000523,000282:    4603           00001        RAND93             DEC      1          B-14               	#
000524,000283:    4604           00000        RAND94             DEC      0          B-14               	#
000525,000284:    4605           00011        RAND95             DEC      9          B-14               	#
000526,000285:    4606           00001        RAND96             DEC      1          B-14               	#
000527,000286:    4607           00011        RAND97             DEC      9          B-14               	#
000528,000287:    4610           00005        RAND98             DEC      5          B-14               	#
000529,000288:    4611           00006        RAND99             DEC      6          B-14               	#
000530,000289:    4612           00006        RAND100            DEC      6          B-14               	#
000531,000290:    4613           00011        RAND101            DEC      9          B-14               	#
000532,000291:    4614           00010        RAND102            DEC      8          B-14               	#
000533,000292:    4615           00001        RAND103            DEC      1          B-14               	#
000534,000293:    4616           00007        RAND104            DEC      7          B-14               	#
000535,000294:    4617           00003        RAND105            DEC      3          B-14               	#
000536,000295:    4620           00006        RAND106            DEC      6          B-14               	#
000537,000296:    4621           00007        RAND107            DEC      7          B-14               	#
000538,000297:    4622           00006        RAND108            DEC      6          B-14               	#
000539,000298:    4623           00001        RAND109            DEC      1          B-14               	#
000540,000299:    4624           00004        RAND110            DEC      4          B-14               	#
000541,000300:    4625           00011        RAND111            DEC      9          B-14               	#
000542,000301:    4626           00000        RAND112            DEC      0          B-14               	#
000543,000302:    4627           00002        RAND113            DEC      2          B-14               	#
000544,000303:    4630           00005        RAND114            DEC      5          B-14               	#
000545,000304:    4631           00004        RAND115            DEC      4          B-14               	#
000546,000305:    4632           00005        RAND116            DEC      5          B-14               	#
000547,000306:    4633           00000        RAND117            DEC      0          B-14               	#
000548,000307:    4634           00000        RAND118            DEC      0          B-14               	#
000549,000308:    4635           00005        RAND119            DEC      5          B-14               	#
000550,000309:    4636           00010        RAND120            DEC      8          B-14               	#
000551,000310:    4637           00005        RAND121            DEC      5          B-14               	#
000552,000311:    4640           00001        RAND122            DEC      1          B-14               	#
000553,000312:    4641           00000        RAND123            DEC      0          B-14               	#
000554,000313:    4642           00003        RAND124            DEC      3          B-14               	#
000555,000314:    4643           00006        RAND125            DEC      6          B-14               	#
000556,000315:    4644           00003        RAND126            DEC      3          B-14               	#
000557,000316:    4645           00004        RAND127            DEC      4          B-14               	#
000558,000317:    4646           00001        RAND128            DEC      1          B-14               	#
000559,000318: 
(End of include-file Constants.agc, resuming Main.agc)
000560,000032: $Ram.agc
000561,000001: 
000562,000002:                                                                                          	#-------------------------------------------------------------------------
000563,000003:                                                                                          	# Some variables.
000564,000004: 
000565,000005:    0024                                           SETLOC   24                            	#
000566,000006:    0024                        TIME2              ERASE                                  	#
000567,000007:    0025                        TIME1              ERASE                                  	#
000568,000008:    0026                        TIME3              ERASE                                  	#
000569,000009:    0027                        TIME4              ERASE                                  	#
000570,000010:    0030                        TIME5              ERASE                                  	#
000571,000011:    0031                        TIME6              ERASE                                  	#
000572,000012: 
000573,000013:    0061                                           SETLOC   61                            	#
000574,000014: 
000575,000015:    0061                        ERRNUM             ERASE                                  	# Error-code, reported to DSKY.
000576,000016:    0062                        ERRSUB             ERASE                                  	# Error-subcode.
000577,000017: 
000578,000018:                                                                                          	# Dummy variables.
000579,000019:    0063                        TEMPI              ERASE                                  	#
000580,000020:    0064                        TEMPJ              ERASE                                  	#
000581,000021:    0065                        TEMPK              ERASE                                  	#
000582,000022: 
000583,000023: 
000584,000024:    0067                                           SETLOC   67                            	#
000585,000025:    0067                        NEWJOB             ERASE                                  	#
000586,000026: 
000587,000027:                                                                                          	# For Smally's tests.
000588,000028:    0071                                           SETLOC   71                            	#
000589,000029: 
000590,000030:    0071                        MPAC               ERASE    +6                            	# MULTI-PURPOSE ACCUMULATOR.
000591,000031:    0100                        WDRET              ERASE                                  	#
000592,000032:    0101                        WDCNT              ERASE                                  	#
000593,000033:    0102                        SEED               ERASE                                  	#
000594,000034:    0103                        COUNTER            ERASE                                  	#
000595,000035: 
000596,000036:    0104                        VALUES             ERASE    +24                           	#
000597,000037:    0131                        CUR_ID             ERASE                                  	#
000598,000038:    0132                        SEG_OUT            ERASE                                  	#
000599,000039:    0133                        DSKY_OUT           ERASE                                  	#
000600,000040:    0134                        DIGIT_L            ERASE                                  	#
000601,000041:    0135                        DIGIT_R            ERASE                                  	#
000602,000042:    0136                        NUM_SEGS           ERASE                                  	#
(End of include-file Ram.agc, resuming Main.agc)
000603,000033: 


Usage Table for Fixed-Memory Banks
----------------------------------
Bank 00:  0000/2000 words used.
Bank 01:  0000/2000 words used.
Bank 02:  0647/2000 words used.
Bank 03:  0000/2000 words used.
Bank 04:  0000/2000 words used.
Bank 05:  0000/2000 words used.
Bank 06:  0000/2000 words used.
Bank 07:  0000/2000 words used.
Bank 10:  0000/2000 words used.
Bank 11:  0000/2000 words used.
Bank 12:  0000/2000 words used.
Bank 13:  0000/2000 words used.
Bank 14:  0000/2000 words used.
Bank 15:  0000/2000 words used.
Bank 16:  0000/2000 words used.
Bank 17:  0000/2000 words used.
Bank 20:  0000/2000 words used.
Bank 21:  0000/2000 words used.
Bank 22:  0000/2000 words used.
Bank 23:  0000/2000 words used.
Bank 24:  0000/2000 words used.
Bank 25:  0000/2000 words used.
Bank 26:  0000/2000 words used.
Bank 27:  0000/2000 words used.
Bank 30:  0000/2000 words used.
Bank 31:  0000/2000 words used.
Bank 32:  0000/2000 words used.
Bank 33:  0000/2000 words used.
Bank 34:  0000/2000 words used.
Bank 35:  0000/2000 words used.
Bank 36:  0000/2000 words used.
Bank 37:  0000/2000 words used.
Bank 40:  0000/2000 words used.
Bank 41:  0000/2000 words used.
Bank 42:  0000/2000 words used.
Bank 43:  0000/2000 words used.


Symbol Table
------------
     1,E:   $17             0017  		     2,E:   $3              0003  		     3,E:   $4              0004  		     4,E:   $5              0005  
     5,E:   $6              0006  		     6,E:   $7              0007  		     7,C:   A            0000000  		     8,F:   ANDL1L2         4326  
     9,F:   ANDL1R2         4327  		    10,F:   ANDR1L2         4330  		    11,F:   ANDR1R2         4331  		    12,C:   ARUPT        0000010  
    13,C:   BANKRUPT     0000016  		    14,C:   BBANK        0000006  		    15,F:   BINCON          4346  		    16,F:   BIT1            4305  
    17,F:   BIT10           4307  		    18,F:   BIT14           4310  		    19,F:   BIT7            4306  		    20,F:   BOT23           4433  
    21,F:   BOT45           4434  		    22,C:   BRUPT        0000017  		    23,F:   CALCLEFT        4105  		    24,C:   CH10         0000010  
    25,C:   CH11         0000011  		    26,C:   CH12         0000012  		    27,C:   CH15         0000015  		    28,C:   CH32         0000032  
    29,F:   CLEARBTN        4342  		    30,E:   COUNTER         0103  		    31,E:   CUR_ID          0131  		    32,C:   CYL          0000022  
    33,C:   CYR          0000020  		    34,F:   DEC1            4436  		    35,F:   DEC2            4437  		    36,F:   DEC3            4440  
    37,F:   DEC4            4441  		    38,F:   DEC5            4442  		    39,F:   DEC6            4443  		    40,F:   DEC7            4444  
    41,F:   DEC8            4445  		    42,F:   DEC9            4446  		    43,F:   DIDLEFT         4125  		    44,F:   DIGITS          4435  
    45,E:   DIGIT_L         0134  		    46,E:   DIGIT_R         0135  		    47,F:   DISPNUM         4065  		    48,E:   DSKY_OUT        0133  
    49,F:   DSP0            4232  		    50,F:   DSP1            4233  		    51,F:   DSP2            4234  		    52,F:   DSP3            4235  
    53,F:   DSP4            4236  		    54,F:   DSP5            4237  		    55,F:   DSP6            4240  		    56,F:   DSP7            4241  
    57,F:   DSP8            4242  		    58,F:   DSP9            4243  		    59,F:   DSPBLANK        4231  		    60,C:   EBANK        0000003  
    61,C:   EDOP         0000023  		    62,E:   ERRNUM          0061  		    63,E:   ERRSUB          0062  		    64,F:   EXITRUPT        4175  
    65,C:   FBANK        0000004  		    66,F:   FIVE            4300  		    67,F:   INIT            4055  		    68,F:   JMPTABLE        4176  
    69,F:   KEYRPTBB        4054  		    70,F:   KEYRUPT1        4143  		    71,C:   L            0000001  		    72,F:   LEFTRIGHT       4350  
    73,F:   LOOP            4063  		    74,F:   LOW5            4321  		    75,F:   LR1             4351  		    76,F:   LR10            4362  
    77,F:   LR11            4363  		    78,F:   LR12            4364  		    79,F:   LR13            4365  		    80,F:   LR14            4366  
    81,F:   LR15            4367  		    82,F:   LR16            4370  		    83,F:   LR17            4371  		    84,F:   LR18            4372  
    85,F:   LR19            4373  		    86,F:   LR2             4352  		    87,F:   LR20            4374  		    88,F:   LR3             4353  
    89,F:   LR4             4354  		    90,F:   LR5             4355  		    91,F:   LR6             4356  		    92,F:   LR7             4357  
    93,F:   LR8             4360  		    94,F:   LR9             4361  		    95,C:   LRUPT        0000011  		    96,F:   MASK128         4244  
    97,F:   MASKL1          4322  		    98,F:   MASKL2          4324  		    99,F:   MASKR1          4323  		   100,F:   MASKR2          4325  
   101,F:   MAXN            4315  		   102,F:   MAXN-1          4316  		   103,F:   MAXN-2          4317  		   104,F:   MAXN-3          4320  
   105,F:   MAXP            4311  		   106,F:   MAXP-1          4312  		   107,F:   MAXP-2          4313  		   108,F:   MAXP-3          4314  
   109,F:   MID12           4430  		   110,F:   MID34           4431  		   111,F:   MID5BOT1        4432  		   112,E:   MPAC            0071  
   113,F:   NEGFOUR         4274  		   114,F:   NEGONE          4271  		   115,F:   NEGTHREE        4273  		   116,F:   NEGTWO          4272  
   117,F:   NEGZERO         4270  		   118,E:   NEWJOB          0067  		   119,F:   NINE            4301  		   120,F:   NOUNLR          4424  
   121,E:   NUM_SEGS        0136  		   122,F:   O-17777         4264  		   123,F:   O-20000         4265  		   124,F:   O-3777          4262  
   125,F:   O-37774         4266  		   126,F:   O-37776         4267  		   127,F:   O-4000          4263  		   128,F:   O177            4246  
   129,F:   O17777          4251  		   130,F:   O20000          4252  		   131,F:   O377            4247  		   132,F:   O3777           4250  
   133,F:   O37774          4253  		   134,F:   O37776          4254  		   135,F:   O40000          4260  		   136,F:   O44000          4257  
   137,F:   O50000          4256  		   138,F:   O54000          4255  		   139,F:   O77770          4261  		   140,F:   ONE             4275  
   141,F:   ORL1L2          4332  		   142,F:   ORL1R2          4333  		   143,F:   ORR1L2          4334  		   144,F:   ORR1R2          4335  
   145,F:   OUTPUT          4127  		   146,C:   Q            0000002  		   147,C:   QRUPT        0000012  		   148,F:   R1D1            4343  
   149,F:   R2D1            4344  		   150,F:   R3D1            4345  		   151,F:   RAND1           4447  		   152,F:   RAND10          4460  
   153,F:   RAND100         4612  		   154,F:   RAND101         4613  		   155,F:   RAND102         4614  		   156,F:   RAND103         4615  
   157,F:   RAND104         4616  		   158,F:   RAND105         4617  		   159,F:   RAND106         4620  		   160,F:   RAND107         4621  
   161,F:   RAND108         4622  		   162,F:   RAND109         4623  		   163,F:   RAND11          4461  		   164,F:   RAND110         4624  
   165,F:   RAND111         4625  		   166,F:   RAND112         4626  		   167,F:   RAND113         4627  		   168,F:   RAND114         4630  
   169,F:   RAND115         4631  		   170,F:   RAND116         4632  		   171,F:   RAND117         4633  		   172,F:   RAND118         4634  
   173,F:   RAND119         4635  		   174,F:   RAND12          4462  		   175,F:   RAND120         4636  		   176,F:   RAND121         4637  
   177,F:   RAND122         4640  		   178,F:   RAND123         4641  		   179,F:   RAND124         4642  		   180,F:   RAND125         4643  
   181,F:   RAND126         4644  		   182,F:   RAND127         4645  		   183,F:   RAND128         4646  		   184,F:   RAND13          4463  
   185,F:   RAND14          4464  		   186,F:   RAND15          4465  		   187,F:   RAND16          4466  		   188,F:   RAND17          4467  
   189,F:   RAND18          4470  		   190,F:   RAND19          4471  		   191,F:   RAND2           4450  		   192,F:   RAND20          4472  
   193,F:   RAND21          4473  		   194,F:   RAND22          4474  		   195,F:   RAND23          4475  		   196,F:   RAND24          4476  
   197,F:   RAND25          4477  		   198,F:   RAND26          4500  		   199,F:   RAND27          4501  		   200,F:   RAND28          4502  
   201,F:   RAND29          4503  		   202,F:   RAND3           4451  		   203,F:   RAND30          4504  		   204,F:   RAND31          4505  
   205,F:   RAND32          4506  		   206,F:   RAND33          4507  		   207,F:   RAND34          4510  		   208,F:   RAND35          4511  
   209,F:   RAND36          4512  		   210,F:   RAND37          4513  		   211,F:   RAND38          4514  		   212,F:   RAND39          4515  
   213,F:   RAND4           4452  		   214,F:   RAND40          4516  		   215,F:   RAND41          4517  		   216,F:   RAND42          4520  
   217,F:   RAND43          4521  		   218,F:   RAND44          4522  		   219,F:   RAND45          4523  		   220,F:   RAND46          4524  
   221,F:   RAND47          4525  		   222,F:   RAND48          4526  		   223,F:   RAND49          4527  		   224,F:   RAND5           4453  
   225,F:   RAND50          4530  		   226,F:   RAND51          4531  		   227,F:   RAND52          4532  		   228,F:   RAND53          4533  
   229,F:   RAND54          4534  		   230,F:   RAND55          4535  		   231,F:   RAND56          4536  		   232,F:   RAND57          4537  
   233,F:   RAND58          4540  		   234,F:   RAND59          4541  		   235,F:   RAND6           4454  		   236,F:   RAND60          4542  
   237,F:   RAND61          4543  		   238,F:   RAND62          4544  		   239,F:   RAND63          4545  		   240,F:   RAND64          4546  
   241,F:   RAND65          4547  		   242,F:   RAND66          4550  		   243,F:   RAND67          4551  		   244,F:   RAND68          4552  
   245,F:   RAND69          4553  		   246,F:   RAND7           4455  		   247,F:   RAND70          4554  		   248,F:   RAND71          4555  
   249,F:   RAND72          4556  		   250,F:   RAND73          4557  		   251,F:   RAND74          4560  		   252,F:   RAND75          4561  
   253,F:   RAND76          4562  		   254,F:   RAND77          4563  		   255,F:   RAND78          4564  		   256,F:   RAND79          4565  
   257,F:   RAND8           4456  		   258,F:   RAND80          4566  		   259,F:   RAND81          4567  		   260,F:   RAND82          4570  
   261,F:   RAND83          4571  		   262,F:   RAND84          4572  		   263,F:   RAND85          4573  		   264,F:   RAND86          4574  
   265,F:   RAND87          4575  		   266,F:   RAND88          4576  		   267,F:   RAND89          4577  		   268,F:   RAND9           4457  
   269,F:   RAND90          4600  		   270,F:   RAND91          4601  		   271,F:   RAND92          4602  		   272,F:   RAND93          4603  
   273,F:   RAND94          4604  		   274,F:   RAND95          4605  		   275,F:   RAND96          4606  		   276,F:   RAND97          4607  
   277,F:   RAND98          4610  		   278,F:   RAND99          4611  		   279,F:   RANDOM          4215  		   280,F:   RESUME          4137  
   281,C:   SAMPTIME     0000013  		   282,E:   SEED            0102  		   283,F:   SEGCODE         4422  		   284,F:   SEG_0           4375  
   285,F:   SEG_1           4376  		   286,F:   SEG_10          4407  		   287,F:   SEG_11          4410  		   288,F:   SEG_12          4411  
   289,F:   SEG_13          4412  		   290,F:   SEG_14          4413  		   291,F:   SEG_15          4414  		   292,F:   SEG_16          4415  
   293,F:   SEG_17          4416  		   294,F:   SEG_18          4417  		   295,F:   SEG_19          4420  		   296,F:   SEG_2           4377  
   297,F:   SEG_20          4421  		   298,F:   SEG_3           4400  		   299,F:   SEG_4           4401  		   300,F:   SEG_5           4402  
   301,F:   SEG_6           4403  		   302,F:   SEG_7           4404  		   303,F:   SEG_8           4405  		   304,F:   SEG_9           4406  
   305,E:   SEG_OUT         0132  		   306,F:   SEVEN           4303  		   307,F:   SKIPLEFT        4123  		   308,C:   SR           0000021  
   309,C:   SZERO        0000000  		   310,F:   T3RUPT          4134  		   311,E:   TEMPI           0063  		   312,E:   TEMPJ           0064  
   313,E:   TEMPK           0065  		   314,F:   TEN             4302  		   315,F:   THREE           4277  		   316,E:   TIME1           0025  
   317,E:   TIME2           0024  		   318,E:   TIME3           0026  		   319,E:   TIME4           0027  		   320,E:   TIME5           0030  
   321,E:   TIME6           0031  		   322,F:   TOP1            4425  		   323,F:   TOP23           4426  		   324,F:   TOP45           4427  
   325,F:   TWENTY1         4347  		   326,F:   TWNTHREE        4304  		   327,F:   TWO             4276  		   328,F:   TWO56           4245  
   329,E:   VALUES          0104  		   330,F:   VERBLR          4423  		   331,E:   WDCNT           0101  		   332,E:   WDRET           0100  
   333,F:   WRAPID          4164  		   334,F:   XORL1L2         4336  		   335,F:   XORL1R2         4337  		   336,F:   XORR1L2         4340  
   337,F:   XORR1R2         4341  		   338,C:   Z            0000005  		   339,C:   ZEROES       0000007  		   340,C:   ZRUPT        0000015  

Unresolved symbols:  0
Fatal errors:  0
Warnings:  0
Removing the duplicated lines... 

Symbol-table file written.

Bugger word 66420 at 02,2651.
